REAPER 7.36/OSX64-clang log file writing begin (build Apr 12 2025 09:56:36; current time Sun May 18 11:18:55 2025)
exe = /Applications/REAPER.app, ini = /Users/jj/Library/Application Support/REAPER/reaper.ini
Sun May 18 11:18:55 2025 [9]: Initializing ReWire
Sun May 18 11:18:55 2025 [0]: Initializing...
Sun May 18 11:18:55 2025 [0]: Loading Configuration...
Sun May 18 11:18:55 2025 [167]: Initializing Registration Info...
Sun May 18 11:18:55 2025 [52]: Scanning VST plug-ins...
Sun May 18 11:18:55 2025 [157]: Scanning LV2 plug-ins...
Sun May 18 11:18:55 2025 [0]: Scanning CLAP plug-ins...
Sun May 18 11:18:55 2025 [0]: Loading élastique Pro...
Sun May 18 11:18:55 2025 [1]: Loading élastique 2 Pro...
Sun May 18 11:18:55 2025 [0]: Loading élastique 3 Pro...
Sun May 18 11:18:55 2025 [1]: Loading SoundTouch...
Sun May 18 11:18:55 2025 [2]: Loading JS...
Sun May 18 11:18:55 2025 [10]: Scanning MIDI hardware...
Sun May 18 11:18:55 2025 [0]: Creating macOS MIDI client...
Sun May 18 11:18:55 2025 [13]: Loading MIDI device cache...
Sun May 18 11:18:55 2025 [0]: Scanning MIDI output devices...
Sun May 18 11:18:55 2025 [0]: Scanning MIDI input devices...
Sun May 18 11:18:55 2025 [0]: Saving MIDI device cache...
Sun May 18 11:18:55 2025 [1]: Querying open file rlimit...
Sun May 18 11:18:55 2025 [0]: Setting open file rlimit...
Sun May 18 11:18:55 2025 [0]: Re-querying open file rlimit...
Sun May 18 11:18:55 2025 [0]: Initializing Main Window...
Sun May 18 11:18:56 2025 [489]: Loading native plug-ins...
Sun May 18 11:18:56 2025 [1]: Loading plug-in: reaper_wave.dylib
Sun May 18 11:18:56 2025 [1]: Loading plug-in: reaper_mp3dec.dylib
Sun May 18 11:18:56 2025 [2]: Loading plug-in: reaper_midi.dylib
Sun May 18 11:18:56 2025 [2]: Loading plug-in: reaper_wavpack.dylib
Sun May 18 11:18:56 2025 [1]: Loading plug-in: reaper_opus.dylib
Sun May 18 11:18:56 2025 [1]: Loading plug-in: reaper_flac.dylib
Sun May 18 11:18:56 2025 [1]: Loading plug-in: reaper_rex.dylib
Sun May 18 11:18:56 2025 [1]: Loading plug-in: reaper_ddp.dylib
Sun May 18 11:18:56 2025 [1]: Loading plug-in: reaper_explorer.dylib
Sun May 18 11:18:56 2025 [83]: Loading plug-in: reaper_cd.dylib
Sun May 18 11:18:56 2025 [2]: Loading plug-in: reaper_ogg.dylib
Sun May 18 11:18:56 2025 [1]: Loading plug-in: reaper_csurf.dylib
Sun May 18 11:18:56 2025 [2]: Loading plug-in: reaper_video.dylib
Sun May 18 11:18:56 2025 [30]: Loading plug-in: reaper_imgui-x86_64.dylib
Sun May 18 11:18:56 2025 [9]: Loading plug-in: reaper_reapack-x86_64.dylib
Sun May 18 11:18:56 2025 [8]: Loading plug-in: reaper_js_ReaScriptAPI64.dylib
Sun May 18 11:18:56 2025 [11]: Loading plug-in: reaper_sws-x86_64.dylib
Sun May 18 11:18:56 2025 [66]: Loading plug-in: reaper_sower.dylib
Sun May 18 11:18:56 2025 [4]: Initializing Main Window...
Sun May 18 11:18:56 2025 [126]: Initializing Control Surfaces...
Sun May 18 11:18:56 2025 [0]: Initializing Main Window...
Sun May 18 11:18:56 2025 [11]: Loading Default.RPP...
Sun May 18 11:18:56 2025 [1]: Loading project...
Sun May 18 11:18:56 2025 [209]: (empty)
